******************************************************************************
                  TI ARM Linker Unix v20.2.7                   
******************************************************************************
>> Linked Tue Nov 26 20:24:41 2024

OUTPUT FILE NAME:   <homework 4.out>
ENTRY POINT SYMBOL: "_c_int00_noargs"  address: 00000dcd


MEMORY CONFIGURATION

         name            origin    length      used     unused   attr    fill
----------------------  --------  ---------  --------  --------  ----  --------
  FLASH                 00000000   00040000  00000e80  0003f180  R  X
  SRAM                  20000000   00008000  00000209  00007df7  RW X


SEGMENT ALLOCATION MAP

run origin  load origin   length   init length attrs members
----------  ----------- ---------- ----------- ----- -------
00000000    00000000    00000e80   00000e80    r-x
  00000000    00000000    0000026c   0000026c    r-- .intvecs
  0000026c    0000026c    00000bd4   00000bd4    r-x .text
  00000e40    00000e40    00000010   00000010    r-- .const
  00000e50    00000e50    00000030   00000030    r-- .cinit
20000000    20000000    00000209   00000000    rw-
  20000000    20000000    00000200   00000000    rw- .stack
  20000200    20000200    00000008   00000000    rw- .bss
  20000208    20000208    00000001   00000000    rw- .data


SECTION ALLOCATION MAP

 output                                  attributes/
section   page    origin      length       input sections
--------  ----  ----------  ----------   ----------------
.intvecs   0    00000000    0000026c     
                  00000000    0000026c     tm4c123gh6pm_startup_ccs.obj (.intvecs)

.text      0    0000026c    00000bd4     
                  0000026c    00000914     main.obj (.text)
                  00000b80    0000009c     rtsv7M4_T_le_v4SPD16_eabi.lib : memcpy_t2.asm.obj (.text)
                  00000c1c    00000096                                   : ull_div_t2.asm.obj (.text)
                  00000cb2    0000006e                                   : ll_div_t2.asm.obj (.text)
                  00000d20    00000068                                   : copy_decompress_lzss.c.obj (.text:decompress:lzss:__TI_decompress_lzss)
                  00000d88    00000044                                   : autoinit.c.obj (.text:__TI_auto_init_nobinit_nopinit:__TI_auto_init_nobinit_nopinit)
                  00000dcc    00000034                                   : boot_cortex_m.c.obj (.text:_c_int00_noargs:_c_int00_noargs)
                  00000e00    0000001c                                   : copy_zero_init.c.obj (.text:decompress:ZI:__TI_zero_init_nomemset:__TI_zero_init_nomemset)
                  00000e1c    0000000e                                   : copy_decompress_none.c.obj (.text:decompress:none:__TI_decompress_none)
                  00000e2a    0000000c     tm4c123gh6pm_startup_ccs.obj (.text)
                  00000e36    00000004     rtsv7M4_T_le_v4SPD16_eabi.lib : pre_init.c.obj (.text:_system_pre_init)
                  00000e3a    00000004                                   : exit.c.obj (.text:abort:abort)
                  00000e3e    00000002                                   : div0.asm.obj (.text)

.const     0    00000e40    00000010     
                  00000e40    00000010     main.obj (.const:.string:$P$T0$1)

.cinit     0    00000e50    00000030     
                  00000e50    0000000c     (__TI_handler_table)
                  00000e5c    00000004     --HOLE-- [fill = 0]
                  00000e60    00000008     (.cinit..bss.load) [load image, compression = zero_init]
                  00000e68    00000005     (.cinit..data.load) [load image, compression = lzss]
                  00000e6d    00000003     --HOLE-- [fill = 0]
                  00000e70    00000010     (__TI_cinit_table)

.init_array 
*          0    00000000    00000000     UNINITIALIZED

.bss       0    20000200    00000008     UNINITIALIZED
                  20000200    00000004     (.common:A)
                  20000204    00000004     (.common:B)

.data      0    20000208    00000001     UNINITIALIZED
                  20000208    00000001     main.obj (.data)

.stack     0    20000000    00000200     UNINITIALIZED
                  20000000    00000004     rtsv7M4_T_le_v4SPD16_eabi.lib : boot_cortex_m.c.obj (.stack)
                  20000004    000001fc     --HOLE--

__llvm_prf_cnts 
*          0    20000000    00000000     UNINITIALIZED

MODULE SUMMARY

       Module                         code   ro data   rw data
       ------                         ----   -------   -------
    ./
       main.obj                       2324   16        9      
       tm4c123gh6pm_startup_ccs.obj   12     620       0      
    +--+------------------------------+------+---------+---------+
       Total:                         2336   636       9      
                                                              
    /home/george/Documents/ti/ccs1280/ccs/tools/compiler/ti-cgt-arm_20.2.7.LTS/lib/rtsv7M4_T_le_v4SPD16_eabi.lib
       memcpy_t2.asm.obj              156    0         0      
       ull_div_t2.asm.obj             150    0         0      
       ll_div_t2.asm.obj              110    0         0      
       copy_decompress_lzss.c.obj     104    0         0      
       autoinit.c.obj                 68     0         0      
       boot_cortex_m.c.obj            52     0         0      
       copy_zero_init.c.obj           28     0         0      
       copy_decompress_none.c.obj     14     0         0      
       exit.c.obj                     4      0         0      
       pre_init.c.obj                 4      0         0      
       div0.asm.obj                   2      0         0      
    +--+------------------------------+------+---------+---------+
       Total:                         692    0         0      
                                                              
       Stack:                         0      0         512    
       Linker Generated:              0      41        0      
    +--+------------------------------+------+---------+---------+
       Grand Total:                   3028   677       521    


LINKER GENERATED COPY TABLES

__TI_cinit_table @ 00000e70 records: 2, size/record: 8, table size: 16
	.bss: load addr=00000e60, load size=00000008 bytes, run addr=20000200, run size=00000008 bytes, compression=zero_init
	.data: load addr=00000e68, load size=00000005 bytes, run addr=20000208, run size=00000001 bytes, compression=lzss


LINKER GENERATED HANDLER TABLE

__TI_handler_table @ 00000e50 records: 3, size/record: 4, table size: 12
	index: 0, handler: __TI_decompress_lzss
	index: 1, handler: __TI_decompress_none
	index: 2, handler: __TI_zero_init


GLOBAL SYMBOLS: SORTED ALPHABETICALLY BY Name 

address   name                          
-------   ----                          
20000200  A                             
20000204  B                             
00000e3b  C$$EXIT                       
000004c1  ChangeState                   
000005bb  LCDInit                       
0000040b  ProductToString               
00000e2b  ResetISR                      
000003bb  WriteToDR                     
00000379  WriteToIR                     
20000200  __STACK_END                   
00000200  __STACK_SIZE                  
20000200  __STACK_TOP                   
00000e70  __TI_CINIT_Base               
00000e80  __TI_CINIT_Limit              
00000e50  __TI_Handler_Table_Base       
00000e5c  __TI_Handler_Table_Limit      
00000d89  __TI_auto_init_nobinit_nopinit
00000d21  __TI_decompress_lzss          
00000e1d  __TI_decompress_none          
ffffffff  __TI_pprof_out_hndl           
ffffffff  __TI_prof_data_size           
ffffffff  __TI_prof_data_start          
00000000  __TI_static_base__            
00000e01  __TI_zero_init_nomemset       
00000e3f  __aeabi_idiv0                 
00000e3f  __aeabi_ldiv0                 
00000cb3  __aeabi_ldivmod               
00000b81  __aeabi_memcpy                
00000b81  __aeabi_memcpy4               
00000b81  __aeabi_memcpy8               
00000c1d  __aeabi_uldivmod              
ffffffff  __binit__                     
ffffffff  __c_args__                    
UNDEFED   __mpu_init                    
20000000  __stack                       
20000000  __start___llvm_prf_cnts       
20000000  __stop___llvm_prf_cnts        
00000dcd  _c_int00_noargs               
UNDEFED   _system_post_cinit            
00000e37  _system_pre_init              
00000e3b  abort                         
ffffffff  binit                         
20000208  currentState                  
0000026d  delay                         
00000289  delay_ms                      
00000000  g_pfnVectors                  
0000061d  main                          
00000b81  memcpy                        
000002c3  portAInit                     
000002e9  portBInit                     
0000030f  portCInit                     
00000339  portDInit                     
00000359  portEInit                     


GLOBAL SYMBOLS: SORTED BY Symbol Address 

address   name                          
-------   ----                          
00000000  __TI_static_base__            
00000000  g_pfnVectors                  
00000200  __STACK_SIZE                  
0000026d  delay                         
00000289  delay_ms                      
000002c3  portAInit                     
000002e9  portBInit                     
0000030f  portCInit                     
00000339  portDInit                     
00000359  portEInit                     
00000379  WriteToIR                     
000003bb  WriteToDR                     
0000040b  ProductToString               
000004c1  ChangeState                   
000005bb  LCDInit                       
0000061d  main                          
00000b81  __aeabi_memcpy                
00000b81  __aeabi_memcpy4               
00000b81  __aeabi_memcpy8               
00000b81  memcpy                        
00000c1d  __aeabi_uldivmod              
00000cb3  __aeabi_ldivmod               
00000d21  __TI_decompress_lzss          
00000d89  __TI_auto_init_nobinit_nopinit
00000dcd  _c_int00_noargs               
00000e01  __TI_zero_init_nomemset       
00000e1d  __TI_decompress_none          
00000e2b  ResetISR                      
00000e37  _system_pre_init              
00000e3b  C$$EXIT                       
00000e3b  abort                         
00000e3f  __aeabi_idiv0                 
00000e3f  __aeabi_ldiv0                 
00000e50  __TI_Handler_Table_Base       
00000e5c  __TI_Handler_Table_Limit      
00000e70  __TI_CINIT_Base               
00000e80  __TI_CINIT_Limit              
20000000  __stack                       
20000000  __start___llvm_prf_cnts       
20000000  __stop___llvm_prf_cnts        
20000200  A                             
20000200  __STACK_END                   
20000200  __STACK_TOP                   
20000204  B                             
20000208  currentState                  
ffffffff  __TI_pprof_out_hndl           
ffffffff  __TI_prof_data_size           
ffffffff  __TI_prof_data_start          
ffffffff  __binit__                     
ffffffff  __c_args__                    
ffffffff  binit                         
UNDEFED   __mpu_init                    
UNDEFED   _system_post_cinit            

[53 symbols]
